// Jest Snapshot v1, https://goo.gl/fbAQLP

exports[`should place a comma at the end of the typescript object 1`] = `
Object {
  Symbol(raw): "export const beautifier = {
  TypeScript: {
    end_with_comma: true,
  },
};
",
}
`;
